../Core/Src/SPI_NAND.c:59:5:spi_nand_init	16	static
../Core/Src/SPI_NAND.c:84:5:spi_nand_feature_page	2072	static
../Core/Src/SPI_NAND.c:121:5:reset	16	static
../Core/Src/SPI_NAND.c:142:5:block_erase	32	static
../Core/Src/SPI_NAND.c:173:5:read_id	16	static
../Core/Src/SPI_NAND.c:205:5:unlock_all_blocks	16	static
../Core/Src/SPI_NAND.c:215:5:enable_ecc	16	static
../Core/Src/SPI_NAND.c:227:5:spi_nand_block_is_bad	24	static
../Core/Src/SPI_NAND.c:253:5:spi_nand_block_erase	24	static
../Core/Src/SPI_NAND.c:272:5:spi_nand_page_read	32	static
../Core/Src/SPI_NAND.c:294:5:spi_write_read	40	static
../Core/Src/SPI_NAND.c:308:6:spi_nand_page_program_chunk	24	static
../Core/Src/SPI_NAND.c:319:5:spi_nand_page_program	32	static
../Core/Src/SPI_NAND.c:346:5:page_read	32	static
../Core/Src/SPI_NAND.c:377:5:read_from_cache	40	static
../Core/Src/SPI_NAND.c:417:5:write_enable	24	static
../Core/Src/SPI_NAND.c:437:5:program_load	40	static
../Core/Src/SPI_NAND.c:466:5:program_load_random_data	40	static
../Core/Src/SPI_NAND.c:495:5:program_execute	32	static
../Core/Src/SPI_NAND.c:528:5:set_feature	24	static
../Core/Src/SPI_NAND.c:563:5:get_feature	32	static
../Core/Src/SPI_NAND.c:594:22:poll_for_oip_clear	24	static
../Core/Src/SPI_NAND.c:625:5:get_ret_from_ecc_status	24	static
../Core/Src/SPI_NAND.c:651:6:cs_select	8	static
../Core/Src/SPI_NAND.c:656:6:cs_deselect	8	static
../Core/Src/SPI_NAND.c:661:6:validate_row_address	16	static
../Core/Src/SPI_NAND.c:672:6:validate_column_address	16	static
../Core/Src/SPI_NAND.c:683:5:spi_read	32	static
../Core/Src/SPI_NAND.c:690:5:spi_write	32	static
